Started by user [8mha:AAAAlR+LCAAAAAAAAP9b85aBtbiIQTGjNKU4P08vOT+vOD8nVc83PyU1x6OyILUoJzMv2y+/JJUBAhiZGBgqihhk0NSjKDWzXb3RdlLBUSYGJk8GtpzUvPSSDB8G5tKinBIGIZ+sxLJE/ZzEvHT94JKizLx0a6BxUmjGOUNodHsLgAzmEgZO/dLi1CL9xJRcAOFfZOu+AAAA[0m???
Building in workspace E:\Jenkins_work\DevTest_UM_SolutionStore\workspace
[workspace] $ cmd /c call C:\Users\UM_CI_~1\AppData\Local\Temp\hudson8570039073881986368.bat

E:\Jenkins_work\DevTest_UM_SolutionStore\workspace>SET PKG_NAME=UM_Store.war 

E:\Jenkins_work\DevTest_UM_SolutionStore\workspace>SET WORKSPACE=\Jenkins_work\UM_SolutionStore\workspace\target 

E:\Jenkins_work\DevTest_UM_SolutionStore\workspace>SET WAR_PKG=\Jenkins_work\UM_SolutionStore\workspace\target\UM_Store.war 

E:\Jenkins_work\DevTest_UM_SolutionStore\workspace>SET CUR_TIME=Mon _9/_5/_18-09-10 

E:\Jenkins_work\DevTest_UM_SolutionStore\workspace>SET BAK_FOLDER=\Jenkins_work\UM_SolutionStore\workspace\target\BAK\Mon _9/_5/_18-09-10 

E:\Jenkins_work\DevTest_UM_SolutionStore\workspace>ECHO Backup war to  
Backup war to 

E:\Jenkins_work\DevTest_UM_SolutionStore\workspace>IF NOT EXIST "\Jenkins_work\UM_SolutionStore\workspace\target\BAK\Mon _9/_5/_18-09-10" MKDIR "\Jenkins_work\UM_SolutionStore\workspace\target\BAK\Mon _9/_5/_18-09-10" 

E:\Jenkins_work\DevTest_UM_SolutionStore\workspace>E:

E:\Jenkins_work\DevTest_UM_SolutionStore\workspace>CD \Jenkins_work\UM_SolutionStore\workspace\target 

E:\Jenkins_work\UM_SolutionStore\workspace\target>SET UMCONFIG=\Jenkins_work\UM-JENKINS-CONFIG\workspace 

E:\Jenkins_work\UM_SolutionStore\workspace\target>Java -jar \Jenkins_work\UM-JENKINS-CONFIG\workspace\portable-config-maven-plugin-1.1.6-SNAPSHOT-cli.jar  UM_Store.war -c \Jenkins_work\UM-JENKINS-CONFIG\workspace\UM-STORE\UM-TEST\um_store_test.xml 
[Info] To replaced file is UM_Store.war
[Info] config file is um_store_test.xml
[INFO] Tmp file: C:\Users\UM_CI_~1\AppData\Local\Temp\12422661692899623519760941365962238.jar
[INFO] Found to be replaced file : WEB-INF/classes/application.common.properties
[INFO] Start replacing: UM_Store.war!WEB-INF/classes/application.common.properties
[INFO] Replacing key with value: jdbc.username <keep the same value!>
[INFO] Replacing key with value: jdbc.password <keep the same value!>
[INFO] Replacing key with value: permission.authorization.host <keep the same value!>
[INFO] Replacing key with value: permission.authorization.port <keep the same value!>
[INFO] Replacing key with value: redis.Host <keep the same value!>
[INFO] Replacing key with value: redis.Port <keep the same value!>
[INFO] End replace: UM_Store.war!WEB-INF/classes/application.common.properties
[INFO] 
[INFO] Found to be replaced file : WEB-INF/classes/application.properties
[INFO] Start replacing: UM_Store.war!WEB-INF/classes/application.properties
[INFO] Replacing key with value: version.filePath <keep the same value!>
[INFO] Replacing key with value: war.filePath <keep the same value!>
[INFO] Replacing key with value: API_STATUS <keep the same value!>
[INFO] End replace: UM_Store.war!WEB-INF/classes/application.properties
[INFO] 
[INFO] Found to be replaced file : WEB-INF/classes/log4j2.xml
[INFO] Start replacing: UM_Store.war!WEB-INF/classes/log4j2.xml
[INFO] Replacing key with value: //Socket[@name='Logstash']/@host <value changed>
[INFO] Replacing key with value: //Socket[@name='Logstash']/@port <value changed>
[INFO] Replacing key with value: //Properties/property[@name='output_log_level']/text() <value changed>
[INFO] End replace: UM_Store.war!WEB-INF/classes/log4j2.xml
[INFO] 
[INFO] Replacing: E:\Jenkins_work\UM_SolutionStore\workspace\target\UM_Store.war with: C:\Users\UM_CI_~1\AppData\Local\Temp\12422661692899623519760941365962238.jar
[INFO] All finished success!

E:\Jenkins_work\UM_SolutionStore\workspace\target>copy UM_Store.war "\Jenkins_work\UM_SolutionStore\workspace\target\BAK\Mon _9/_5/_18-09-10" 
        1 file(s) copied.

E:\Jenkins_work\UM_SolutionStore\workspace\target>copy git_version.txt "\Jenkins_work\UM_SolutionStore\workspace\target\BAK\Mon _9/_5/_18-09-10" 
        1 file(s) copied.

E:\Jenkins_work\UM_SolutionStore\workspace\target>scp git_version.txt wzp@192.168.88.92:/home/wzp/git_version.txt 

E:\Jenkins_work\UM_SolutionStore\workspace\target>scp UM_Store.war wzp@192.168.88.92:/home/wzp/ 

E:\Jenkins_work\UM_SolutionStore\workspace\target>exit 0 
SSH: Connecting from host [WIN12FILESRV1]
SSH: Connecting with configuration [LINUX WEB SVR-92-DevTest] ...
SSH: EXEC: STDOUT/STDERR from command [/usr/apache-tomcat-7.0.65/publish_store.sh] ...
tomcat shutdown!!!
kill -9 2083
Stop tomcat success
sleep 2!!!
sleep end!!!
rm -rf  /usr/apache-tomcat-7.0.65/work/Catalina/store.umu360.com
rm -rf  /usr/apache-tomcat-7.0.65/conf/Catalina/store.umu360.com
rm -f  /usr/apache-tomcat-7.0.65/temp/*
rm -f  /usr/apache-tomcat-7.0.65/logs/*
rm: cannot remove â€˜/usr/apache-tomcat-7.0.65/logs/logsâ€™: Is a directory
rm: cannot remove â€˜/usr/apache-tomcat-7.0.65/logs/picâ€™: Is a directory
rm: cannot remove â€˜/usr/apache-tomcat-7.0.65/logs/storeâ€™: Is a directory
rm -rf  /usr/apache-tomcat-7.0.65/UM_Store/ROOT
mv -f /home/wzp/UM_Store.war /usr/apache-tomcat-7.0.65/UM_Store/ROOT.war
mv -f /home/wzp/git_version.txt /usr/apache-tomcat-7.0.65/UM_Store/
tomcat is starting!
Tomcat started.
ln -s /usr/solution /usr/apache-tomcat-7.0.65/UM_Store/ROOT/solution
ln: failed to create symbolic link â€˜/usr/apache-tomcat-7.0.65/UM_Store/ROOT/solutionâ€™: No such file or directory
SSH: EXEC: completed after 67,956 ms
SSH: Disconnecting configuration [LINUX WEB SVR-92-DevTest] ...
ERROR: Exception when publishing, exception message [Exec exit status not zero. Status [1]]
[8mha:AAAAWB+LCAAAAAAAAP9b85aBtbiIQSmjNKU4P08vOT+vOD8nVc8DzHWtSE4tKMnMz/PLL0ldFVf2c+b/lb5MDAwVRQxSaBqcITRIIQMEMIIUFgAAckCEiWAAAAA=[0mBuild step 'Send files or execute commands over SSH' changed build result to UNSTABLE
Finished: UNSTABLE
