Started by user [8mha:AAAAlR+LCAAAAAAAAP9b85aBtbiIQTGjNKU4P08vOT+vOD8nVc83PyU1x6OyILUoJzMv2y+/JJUBAhiZGBgqihhk0NSjKDWzXb3RdlLBUSYGJk8GtpzUvPSSDB8G5tKinBIGIZ+sxLJE/ZzEvHT94JKizLx0a6BxUmjGOUNodHsLgAzmEgZO/dLi1CL9xJRcAOFfZOu+AAAA[0m???
Notifying endpoint 'HTTP:http://120.25.192.104/TP-CommentWebHook/WebHook/JenkinsNotify?bearychat_url=https://hook.bearychat.com/=bw8gE/incoming/065ef1e466d384ea973719b6f4b19acf'
Building in workspace E:\Jenkins_work\DevTest_UM_EP\workspace
[workspace] $ cmd /c call C:\Users\UM_CI_~1\AppData\Local\Temp\hudson8351055712272152569.bat

E:\Jenkins_work\DevTest_UM_EP\workspace>SET PKG_NAME=UMEventProcessor.war 

E:\Jenkins_work\DevTest_UM_EP\workspace>SET WORKSPACE=\Jenkins_work\UM_EP\workspace\target 

E:\Jenkins_work\DevTest_UM_EP\workspace>SET WAR_PKG=\Jenkins_work\UM_EP\workspace\target\UMEventProcessor.war 

E:\Jenkins_work\DevTest_UM_EP\workspace>SET CUR_TIME=Wed _9/_1/_16-31-01 

E:\Jenkins_work\DevTest_UM_EP\workspace>SET BAK_FOLDER=\Jenkins_work\UM_EP\workspace\target\BAK\Wed _9/_1/_16-31-01 

E:\Jenkins_work\DevTest_UM_EP\workspace>ECHO Backup war to  
Backup war to 

E:\Jenkins_work\DevTest_UM_EP\workspace>IF NOT EXIST "\Jenkins_work\UM_EP\workspace\target\BAK\Wed _9/_1/_16-31-01" MKDIR "\Jenkins_work\UM_EP\workspace\target\BAK\Wed _9/_1/_16-31-01" 

E:\Jenkins_work\DevTest_UM_EP\workspace>E:

E:\Jenkins_work\DevTest_UM_EP\workspace>CD \Jenkins_work\UM_EP\workspace\target 

E:\Jenkins_work\UM_EP\workspace\target>SET UMCONFIG=\Jenkins_work\UM-JENKINS-CONFIG\workspace 

E:\Jenkins_work\UM_EP\workspace\target>Java -jar \Jenkins_work\UM-JENKINS-CONFIG\workspace\portable-config-maven-plugin-1.1.6-SNAPSHOT-cli.jar  UMEventProcessor.war -c \Jenkins_work\UM-JENKINS-CONFIG\workspace\UM-EP\UM-DEVTEST\um_ep_test.xml 
[Info] To replaced file is UMEventProcessor.war
[Info] config file is um_ep_test.xml
[INFO] Tmp file: C:\Users\UM_CI_~1\AppData\Local\Temp\1007631433840894028117697151125777.jar
[INFO] Found to be replaced file : WEB-INF/classes/application.common.properties
[INFO] Start replacing: UMEventProcessor.war!WEB-INF/classes/application.common.properties
[INFO] Replacing key with value: jdbc.username <keep the same value!>
[INFO] Replacing key with value: jdbc.password <keep the same value!>
[INFO] Replacing key with value: permission.authorization.host <keep the same value!>
[INFO] Replacing key with value: permission.authorization.port <keep the same value!>
[INFO] Replacing key with value: redis.Host <keep the same value!>
[INFO] Replacing key with value: redis.Port <keep the same value!>
[INFO] End replace: UMEventProcessor.war!WEB-INF/classes/application.common.properties
[INFO] 
[INFO] Found to be replaced file : WEB-INF/classes/application.properties
[INFO] Start replacing: UMEventProcessor.war!WEB-INF/classes/application.properties
[INFO] Replacing key with value: version.filePath <value changed>
[INFO] Replacing key with value: war.filePath <value changed>
[INFO] End replace: UMEventProcessor.war!WEB-INF/classes/application.properties
[INFO] 
[INFO] Found to be replaced file : WEB-INF/classes/log4j2.xml
[INFO] Start replacing: UMEventProcessor.war!WEB-INF/classes/log4j2.xml
[INFO] Replacing key with value: //Properties/property[@name='output_log_level']/text() <value changed>
[WARNING] Not found key with value: //NoSql[@name='Redis']/@host 
[WARNING] Not found key with value: //NoSql[@name='Redis']/@password 
[WARNING] Not found key with value: //NoSql[@name='Redis']/@database 
[INFO] End replace: UMEventProcessor.war!WEB-INF/classes/log4j2.xml
[INFO] 
[INFO] Replacing: E:\Jenkins_work\UM_EP\workspace\target\UMEventProcessor.war with: C:\Users\UM_CI_~1\AppData\Local\Temp\1007631433840894028117697151125777.jar
[INFO] All finished success!

E:\Jenkins_work\UM_EP\workspace\target>copy UMEventProcessor.war "\Jenkins_work\UM_EP\workspace\target\BAK\Wed _9/_1/_16-31-01" 
        1 file(s) copied.

E:\Jenkins_work\UM_EP\workspace\target>copy git_version.txt "\Jenkins_work\UM_EP\workspace\target\BAK\Wed _9/_1/_16-31-01" 
        1 file(s) copied.

E:\Jenkins_work\UM_EP\workspace\target>scp git_version.txt wzp@192.168.88.91:/home/wzp/git_version.txt 

E:\Jenkins_work\UM_EP\workspace\target>scp UMEventProcessor.war wzp@192.168.88.91:/home/wzp/UM_EP.war 

E:\Jenkins_work\UM_EP\workspace\target>exit 0 
SSH: Connecting from host [WIN12FILESRV1]
SSH: Connecting with configuration [LINUX WEB SVR-91-DevTest] ...
SSH: EXEC: STDOUT/STDERR from command [/usr/apache-tomcat-7.0.65/publish_ep.sh] ...
tomcat shutdown!!!
kill -9 12927
Stop tomcat success
rm -rf  /usr/apache-tomcat-7.0.65/work/Catalina/ep.umu360.com
rm -rf  /usr/apache-tomcat-7.0.65/conf/Catalina/ep.umu360.com
rm -rf  /usr/apache-tomcat-7.0.65/temp/*
rm -rf  /usr/apache-tomcat-7.0.65/logs/*
rm -rf  /usr/apache-tomcat-7.0.65/UM_EP/ROOT
mv -f /home/wzp/UM_EP.war /usr/apache-tomcat-7.0.65/UM_EP/ROOT.war
mv -f /home/wzp/git_version.txt /usr/apache-tomcat-7.0.65/UM_EP/
tomcat is starting!
Tomcat started.
SSH: EXEC: completed after 7,516 ms
SSH: Disconnecting configuration [LINUX WEB SVR-91-DevTest] ...
SSH: Transferred 0 file(s)
Build step 'Send files or execute commands over SSH' changed build result to SUCCESS
Notifying endpoint 'HTTP:http://120.25.192.104/TP-CommentWebHook/WebHook/JenkinsNotify?bearychat_url=https://hook.bearychat.com/=bw8gE/incoming/065ef1e466d384ea973719b6f4b19acf'
Finished: SUCCESS
