Started by user [8mha:AAAAlR+LCAAAAAAAAP9b85aBtbiIQTGjNKU4P08vOT+vOD8nVc83PyU1x6OyILUoJzMv2y+/JJUBAhiZGBgqihhk0NSjKDWzXb3RdlLBUSYGJk8GtpzUvPSSDB8G5tKinBIGIZ+sxLJE/ZzEvHT94JKizLx0a6BxUmjGOUNodHsLgAzmEgZO/dLi1CL9xJRcAOFfZOu+AAAA[0m???
Building in workspace E:\Jenkins_work\DevTest_UM_PIC\workspace
[workspace] $ cmd /c call C:\Users\UM_CI_~1\AppData\Local\Temp\hudson6907036752272866708.bat

E:\Jenkins_work\DevTest_UM_PIC\workspace>SET PKG_NAME=UM_PIC.war 

E:\Jenkins_work\DevTest_UM_PIC\workspace>SET WORKSPACE=\Jenkins_work\UM_PIC\workspace\target 

E:\Jenkins_work\DevTest_UM_PIC\workspace>SET WAR_PKG=\Jenkins_work\UM_PIC\workspace\target\UM_PIC.war 

E:\Jenkins_work\DevTest_UM_PIC\workspace>SET CUR_TIME=Fri _9/_2/_16-49-38 

E:\Jenkins_work\DevTest_UM_PIC\workspace>SET BAK_FOLDER=\Jenkins_work\UM_PIC\workspace\target\BAK\Fri _9/_2/_16-49-38 

E:\Jenkins_work\DevTest_UM_PIC\workspace>ECHO Backup war to  
Backup war to 

E:\Jenkins_work\DevTest_UM_PIC\workspace>IF NOT EXIST "\Jenkins_work\UM_PIC\workspace\target\BAK\Fri _9/_2/_16-49-38" MKDIR "\Jenkins_work\UM_PIC\workspace\target\BAK\Fri _9/_2/_16-49-38" 

E:\Jenkins_work\DevTest_UM_PIC\workspace>E:

E:\Jenkins_work\DevTest_UM_PIC\workspace>CD \Jenkins_work\UM_PIC\workspace\target 

E:\Jenkins_work\UM_PIC\workspace\target>SET UMCONFIG=\Jenkins_work\UM-JENKINS-CONFIG\workspace 

E:\Jenkins_work\UM_PIC\workspace\target>Java -jar \Jenkins_work\UM-JENKINS-CONFIG\workspace\portable-config-maven-plugin-1.1.6-SNAPSHOT-cli.jar  UM_PIC.war -c \Jenkins_work\UM-JENKINS-CONFIG\workspace\UM-PIC\UM-TEST\um_test.xml 
[Info] To replaced file is UM_PIC.war
[Info] config file is um_test.xml
[INFO] Tmp file: C:\Users\UM_CI_~1\AppData\Local\Temp\9782881480944917520156554714939959.jar
[INFO] Found to be replaced file : WEB-INF/classes/application.common.properties
[INFO] Start replacing: UM_PIC.war!WEB-INF/classes/application.common.properties
[INFO] Replacing key with value: permission.authorization.port <keep the same value!>
[INFO] Replacing key with value: redis.Host <keep the same value!>
[INFO] Replacing key with value: redis.Port <keep the same value!>
[INFO] End replace: UM_PIC.war!WEB-INF/classes/application.common.properties
[INFO] 
[INFO] Found to be replaced file : WEB-INF/classes/application.properties
[INFO] Start replacing: UM_PIC.war!WEB-INF/classes/application.properties
[INFO] Replacing key with value: GraphicsMagick <keep the same value!>
[INFO] Replacing key with value: PicWater <keep the same value!>
[INFO] Replacing key with value: Fontpath <keep the same value!>
[INFO] Replacing key with value: ApiRoot <keep the same value!>
[INFO] Replacing key with value: FileRoot <keep the same value!>
[INFO] Replacing key with value: version.filePath <keep the same value!>
[INFO] Replacing key with value: war.filePath <keep the same value!>
[INFO] End replace: UM_PIC.war!WEB-INF/classes/application.properties
[INFO] 
[INFO] Found to be replaced file : WEB-INF/classes/log4j2.xml
[INFO] Start replacing: UM_PIC.war!WEB-INF/classes/log4j2.xml
[INFO] Replacing key with value: //Socket[@name='Logstash']/@host <value changed>
[INFO] Replacing key with value: //Socket[@name='Logstash']/@port <value changed>
[INFO] Replacing key with value: //Properties/property[@name='output_log_level']/text() <value changed>
[INFO] End replace: UM_PIC.war!WEB-INF/classes/log4j2.xml
[INFO] 
[INFO] Replacing: E:\Jenkins_work\UM_PIC\workspace\target\UM_PIC.war with: C:\Users\UM_CI_~1\AppData\Local\Temp\9782881480944917520156554714939959.jar
[INFO] All finished success!

E:\Jenkins_work\UM_PIC\workspace\target>copy UM_PIC.war "\Jenkins_work\UM_PIC\workspace\target\BAK\Fri _9/_2/_16-49-38" 
        1 file(s) copied.

E:\Jenkins_work\UM_PIC\workspace\target>copy git_version.txt "\Jenkins_work\UM_PIC\workspace\target\BAK\Fri _9/_2/_16-49-38" 
        1 file(s) copied.

E:\Jenkins_work\UM_PIC\workspace\target>scp git_version.txt wzp@192.168.88.92:/home/wzp/git_version.txt 

E:\Jenkins_work\UM_PIC\workspace\target>scp UM_PIC.war wzp@192.168.88.92:/home/wzp/ 

E:\Jenkins_work\UM_PIC\workspace\target>exit 0 
SSH: Connecting from host [WIN12FILESRV1]
SSH: Connecting with configuration [LINUX WEB SVR-92-DevTest] ...
SSH: EXEC: STDOUT/STDERR from command [/usr/apache-tomcat-7.0.65/publish_pic.sh] ...
tomcat shutdown!!!
kill -9 4089
Stop tomcat success
rm -rf  /usr/apache-tomcat-7.0.65/webapps/UM_PIC
rm -rf  /usr/apache-tomcat-7.0.65/work/Catalina/img.umu360.com
rm -rf  /usr/apache-tomcat-7.0.65/conf/Catalina/img.umu360.com
rm -f  /usr/apache-tomcat-7.0.65/temp/*
rm -f  /usr/apache-tomcat-7.0.65/logs/*
rm: cannot remove â€˜/usr/apache-tomcat-7.0.65/logs/logsâ€™: Is a directory
rm: cannot remove â€˜/usr/apache-tomcat-7.0.65/logs/picâ€™: Is a directory
rm: cannot remove â€˜/usr/apache-tomcat-7.0.65/logs/storeâ€™: Is a directory
rm -rf  /usr/apache-tomcat-7.0.65/UM_PIC/ROOT
mv -f /home/wzp/UM_PIC.war /usr/apache-tomcat-7.0.65/UM_PIC/ROOT.war
mv -f /home/wzp/git_version.txt /usr/apache-tomcat-7.0.65/UM_PIC/
tomcat is starting!
Tomcat started.
ln -s /usr/upload /usr/apache-tomcat-7.0.65/UM_PIC/ROOT/upload
ln: failed to create symbolic link â€˜/usr/apache-tomcat-7.0.65/UM_PIC/ROOT/uploadâ€™: No such file or directory
SSH: EXEC: completed after 70,533 ms
SSH: Disconnecting configuration [LINUX WEB SVR-92-DevTest] ...
ERROR: Exception when publishing, exception message [Exec exit status not zero. Status [1]]
[8mha:AAAAWB+LCAAAAAAAAP9b85aBtbiIQSmjNKU4P08vOT+vOD8nVc8DzHWtSE4tKMnMz/PLL0ldFVf2c+b/lb5MDAwVRQxSaBqcITRIIQMEMIIUFgAAckCEiWAAAAA=[0mBuild step 'Send files or execute commands over SSH' changed build result to UNSTABLE
Finished: UNSTABLE
